<?xml version="1.0" encoding="ISO-8859-1" ?>
<link_info>
   <banner>TMS320C2000 Linker PC v18.12.4.LTS</banner>
   <copyright>Copyright (c) 1996-2018 Texas Instruments Incorporated</copyright>
   <link_time>0x5e8a54bc</link_time>
   <link_errors>0x0</link_errors>
   <output_file>Example_2806xCpuTimer.out</output_file>
   <entry_point>
      <name>code_start</name>
      <address>0x3f7ff6</address>
   </entry_point>
   <input_file_list>
      <input_file id="fl-4">
         <path>.\</path>
         <kind>object</kind>
         <file>._x00_OSasm.obj</file>
         <name>._x00_OSasm.obj</name>
      </input_file>
      <input_file id="fl-5">
         <path>.\</path>
         <kind>object</kind>
         <file>F2806x_CodeStartBranch.obj</file>
         <name>F2806x_CodeStartBranch.obj</name>
      </input_file>
      <input_file id="fl-6">
         <path>.\</path>
         <kind>object</kind>
         <file>F2806x_CpuTimers.obj</file>
         <name>F2806x_CpuTimers.obj</name>
      </input_file>
      <input_file id="fl-7">
         <path>.\</path>
         <kind>object</kind>
         <file>F2806x_DefaultIsr.obj</file>
         <name>F2806x_DefaultIsr.obj</name>
      </input_file>
      <input_file id="fl-8">
         <path>.\</path>
         <kind>object</kind>
         <file>F2806x_GlobalVariableDefs.obj</file>
         <name>F2806x_GlobalVariableDefs.obj</name>
      </input_file>
      <input_file id="fl-9">
         <path>.\</path>
         <kind>object</kind>
         <file>F2806x_PieCtrl.obj</file>
         <name>F2806x_PieCtrl.obj</name>
      </input_file>
      <input_file id="fl-a">
         <path>.\</path>
         <kind>object</kind>
         <file>F2806x_PieVect.obj</file>
         <name>F2806x_PieVect.obj</name>
      </input_file>
      <input_file id="fl-b">
         <path>.\</path>
         <kind>object</kind>
         <file>F2806x_SysCtrl.obj</file>
         <name>F2806x_SysCtrl.obj</name>
      </input_file>
      <input_file id="fl-c">
         <path>.\</path>
         <kind>object</kind>
         <file>F2806x_usDelay.obj</file>
         <name>F2806x_usDelay.obj</name>
      </input_file>
      <input_file id="fl-d">
         <path>.\</path>
         <kind>object</kind>
         <file>x00_OSasm.obj</file>
         <name>x00_OSasm.obj</name>
      </input_file>
      <input_file id="fl-e">
         <path>.\</path>
         <kind>object</kind>
         <file>x00_RTOS.obj</file>
         <name>x00_RTOS.obj</name>
      </input_file>
      <input_file id="fl-f">
         <path>.\</path>
         <kind>object</kind>
         <file>x00_main.obj</file>
         <name>x00_main.obj</name>
      </input_file>
      <input_file id="fl-10">
         <path>.\</path>
         <kind>object</kind>
         <file>x01_EVM_LED_Driver.obj</file>
         <name>x01_EVM_LED_Driver.obj</name>
      </input_file>
      <input_file id="fl-16">
         <kind>object</kind>
         <file>&lt;internal&gt;</file>
         <name>&lt;internal&gt;</name>
      </input_file>
      <input_file id="fl-1a">
         <path>C:\ti\ccs930\ccs\tools\compiler\ti-cgt-c2000_18.12.4.LTS\lib\</path>
         <kind>archive</kind>
         <file>rts2800_fpu32.lib</file>
         <name>boot28.asm.obj</name>
      </input_file>
      <input_file id="fl-1b">
         <path>C:\ti\ccs930\ccs\tools\compiler\ti-cgt-c2000_18.12.4.LTS\lib\</path>
         <kind>archive</kind>
         <file>rts2800_fpu32.lib</file>
         <name>args_main.c.obj</name>
      </input_file>
      <input_file id="fl-1c">
         <path>C:\ti\ccs930\ccs\tools\compiler\ti-cgt-c2000_18.12.4.LTS\lib\</path>
         <kind>archive</kind>
         <file>rts2800_fpu32.lib</file>
         <name>startup.c.obj</name>
      </input_file>
      <input_file id="fl-1d">
         <path>C:\ti\ccs930\ccs\tools\compiler\ti-cgt-c2000_18.12.4.LTS\lib\</path>
         <kind>archive</kind>
         <file>rts2800_fpu32.lib</file>
         <name>pre_init.c.obj</name>
      </input_file>
      <input_file id="fl-1e">
         <path>C:\ti\ccs930\ccs\tools\compiler\ti-cgt-c2000_18.12.4.LTS\lib\</path>
         <kind>archive</kind>
         <file>rts2800_fpu32.lib</file>
         <name>cpy_tbl.c.obj</name>
      </input_file>
      <input_file id="fl-1f">
         <path>C:\ti\ccs930\ccs\tools\compiler\ti-cgt-c2000_18.12.4.LTS\lib\</path>
         <kind>archive</kind>
         <file>rts2800_fpu32.lib</file>
         <name>exit.c.obj</name>
      </input_file>
      <input_file id="fl-20">
         <path>C:\ti\ccs930\ccs\tools\compiler\ti-cgt-c2000_18.12.4.LTS\lib\</path>
         <kind>archive</kind>
         <file>rts2800_fpu32.lib</file>
         <name>_lock.c.obj</name>
      </input_file>
      <input_file id="fl-21">
         <path>C:\ti\ccs930\ccs\tools\compiler\ti-cgt-c2000_18.12.4.LTS\lib\</path>
         <kind>archive</kind>
         <file>rts2800_fpu32.lib</file>
         <name>memcpy.c.obj</name>
      </input_file>
   </input_file_list>
   <object_component_list>
      <object_component id="oc-ca">
         <name>.cinit</name>
         <load_address>0x3f4c8e</load_address>
         <run_address>0x3f4c8e</run_address>
         <size>0x23</size>
         <input_file_ref idref="fl-10"/>
      </object_component>
      <object_component id="oc-ec">
         <name>.cinit</name>
         <load_address>0x3f4cb1</load_address>
         <run_address>0x3f4cb1</run_address>
         <size>0xe</size>
         <input_file_ref idref="fl-1f"/>
      </object_component>
      <object_component id="oc-10c">
         <name>.cinit:__lock</name>
         <load_address>0x3f4cbf</load_address>
         <run_address>0x3f4cbf</run_address>
         <size>0x5</size>
         <input_file_ref idref="fl-20"/>
      </object_component>
      <object_component id="oc-110">
         <name>.cinit:__unlock</name>
         <load_address>0x3f4cc4</load_address>
         <run_address>0x3f4cc4</run_address>
         <size>0x5</size>
         <input_file_ref idref="fl-20"/>
      </object_component>
      <object_component id="oc-bd">
         <name>.cinit</name>
         <load_address>0x3f4cc9</load_address>
         <run_address>0x3f4cc9</run_address>
         <size>0x5</size>
         <input_file_ref idref="fl-e"/>
      </object_component>
      <object_component id="oc-63">
         <name>.text:retain</name>
         <load_address>0x3f4000</load_address>
         <run_address>0x3f4000</run_address>
         <size>0x39b</size>
         <input_file_ref idref="fl-7"/>
      </object_component>
      <object_component id="oc-fc">
         <name>.text</name>
         <load_address>0x3f439b</load_address>
         <run_address>0x3f439b</run_address>
         <size>0x24a</size>
         <input_file_ref idref="fl-e"/>
      </object_component>
      <object_component id="oc-103">
         <name>.text</name>
         <load_address>0x3f45e5</load_address>
         <run_address>0x3f45e5</run_address>
         <size>0x192</size>
         <input_file_ref idref="fl-b"/>
      </object_component>
      <object_component id="oc-10e">
         <name>.text</name>
         <load_address>0x3f4777</load_address>
         <run_address>0x3f4777</run_address>
         <size>0x128</size>
         <input_file_ref idref="fl-10"/>
      </object_component>
      <object_component id="oc-bf">
         <name>.text:retain</name>
         <load_address>0x3f489f</load_address>
         <run_address>0x3f489f</run_address>
         <size>0x86</size>
         <input_file_ref idref="fl-e"/>
      </object_component>
      <object_component id="oc-108">
         <name>.text</name>
         <load_address>0x3f4925</load_address>
         <run_address>0x3f4925</run_address>
         <size>0x76</size>
         <input_file_ref idref="fl-6"/>
      </object_component>
      <object_component id="oc-10a">
         <name>.text</name>
         <load_address>0x3f499b</load_address>
         <run_address>0x3f499b</run_address>
         <size>0x6b</size>
         <input_file_ref idref="fl-f"/>
      </object_component>
      <object_component id="oc-d0">
         <name>.text</name>
         <load_address>0x3f4a06</load_address>
         <run_address>0x3f4a06</run_address>
         <size>0x56</size>
         <input_file_ref idref="fl-1a"/>
      </object_component>
      <object_component id="oc-b7">
         <name>.text</name>
         <load_address>0x3f4a5c</load_address>
         <run_address>0x3f4a5c</run_address>
         <size>0x4d</size>
         <input_file_ref idref="fl-d"/>
      </object_component>
      <object_component id="oc-102">
         <name>.text</name>
         <load_address>0x3f4aa9</load_address>
         <run_address>0x3f4aa9</run_address>
         <size>0x29</size>
         <input_file_ref idref="fl-1f"/>
      </object_component>
      <object_component id="oc-104">
         <name>.text</name>
         <load_address>0x3f4ad2</load_address>
         <run_address>0x3f4ad2</run_address>
         <size>0x28</size>
         <input_file_ref idref="fl-9"/>
      </object_component>
      <object_component id="oc-105">
         <name>.text</name>
         <load_address>0x3f4afa</load_address>
         <run_address>0x3f4afa</run_address>
         <size>0x26</size>
         <input_file_ref idref="fl-a"/>
      </object_component>
      <object_component id="oc-ff">
         <name>.text</name>
         <load_address>0x3f4b20</load_address>
         <run_address>0x3f4b20</run_address>
         <size>0x24</size>
         <input_file_ref idref="fl-1e"/>
      </object_component>
      <object_component id="oc-109">
         <name>.text</name>
         <load_address>0x3f4b44</load_address>
         <run_address>0x3f4b44</run_address>
         <size>0x1d</size>
         <input_file_ref idref="fl-21"/>
      </object_component>
      <object_component id="oc-101">
         <name>.text</name>
         <load_address>0x3f4b61</load_address>
         <run_address>0x3f4b61</run_address>
         <size>0x19</size>
         <input_file_ref idref="fl-1b"/>
      </object_component>
      <object_component id="oc-10f">
         <name>.text</name>
         <load_address>0x3f4b7a</load_address>
         <run_address>0x3f4b7a</run_address>
         <size>0x9</size>
         <input_file_ref idref="fl-20"/>
      </object_component>
      <object_component id="oc-57">
         <name>.text</name>
         <load_address>0x3f4b83</load_address>
         <run_address>0x3f4b83</run_address>
         <size>0x8</size>
         <input_file_ref idref="fl-5"/>
      </object_component>
      <object_component id="oc-fe">
         <name>.text</name>
         <load_address>0x3f4b8b</load_address>
         <run_address>0x3f4b8b</run_address>
         <size>0x2</size>
         <input_file_ref idref="fl-1d"/>
      </object_component>
      <object_component id="oc-100">
         <name>.text</name>
         <load_address>0x3f4b8d</load_address>
         <run_address>0x3f4b8d</run_address>
         <size>0x1</size>
         <input_file_ref idref="fl-1c"/>
      </object_component>
      <object_component id="oc-56">
         <name>codestart</name>
         <load_address>0x3f7ff6</load_address>
         <run_address>0x3f7ff6</run_address>
         <size>0x2</size>
         <input_file_ref idref="fl-5"/>
      </object_component>
      <object_component id="oc-b2">
         <name>ramfuncs</name>
         <load_address>0x3e8000</load_address>
         <run_address>0x8000</run_address>
         <size>0x4</size>
         <input_file_ref idref="fl-c"/>
      </object_component>
      <object_component id="oc-d1">
         <name>.stack</name>
         <uninitialized>true</uninitialized>
         <run_address>0x50</run_address>
         <size>0x0</size>
         <input_file_ref idref="fl-1a"/>
      </object_component>
      <object_component id="oc-170">
         <name>.stack</name>
         <uninitialized>true</uninitialized>
         <run_address>0x50</run_address>
         <size>0x0</size>
      </object_component>
      <object_component id="oc-5d">
         <name>.ebss</name>
         <uninitialized>true</uninitialized>
         <run_address>0xc01e</run_address>
         <size>0x18</size>
         <input_file_ref idref="fl-6"/>
      </object_component>
      <object_component id="oc-be">
         <name>.ebss</name>
         <uninitialized>true</uninitialized>
         <run_address>0xc040</run_address>
         <size>0xc</size>
         <input_file_ref idref="fl-e"/>
      </object_component>
      <object_component id="oc-fd">
         <name>.ebss:_sa_PeriodicEvents</name>
         <uninitialized>true</uninitialized>
         <run_address>0xbfb0</run_address>
         <size>0xc</size>
         <input_file_ref idref="fl-e"/>
      </object_component>
      <object_component id="oc-106">
         <name>.ebss:_sOS_TaskCtrlBlocks</name>
         <uninitialized>true</uninitialized>
         <run_address>0xbf40</run_address>
         <size>0x70</size>
         <input_file_ref idref="fl-e"/>
      </object_component>
      <object_component id="oc-107">
         <name>.ebss:_Stacks</name>
         <uninitialized>true</uninitialized>
         <run_address>0xa000</run_address>
         <size>0x1f40</size>
         <input_file_ref idref="fl-e"/>
      </object_component>
      <object_component id="oc-cb">
         <name>.ebss</name>
         <uninitialized>true</uninitialized>
         <run_address>0xc000</run_address>
         <size>0x1e</size>
         <input_file_ref idref="fl-10"/>
      </object_component>
      <object_component id="oc-111">
         <name>.ebss:_CounterTask$1</name>
         <uninitialized>true</uninitialized>
         <run_address>0xbfc0</run_address>
         <size>0x40</size>
         <input_file_ref idref="fl-10"/>
      </object_component>
      <object_component id="oc-ed">
         <name>.ebss</name>
         <uninitialized>true</uninitialized>
         <run_address>0xc036</run_address>
         <size>0x6</size>
         <input_file_ref idref="fl-1f"/>
      </object_component>
      <object_component id="oc-10b">
         <name>.ebss:__lock</name>
         <uninitialized>true</uninitialized>
         <run_address>0xbfbc</run_address>
         <size>0x2</size>
         <input_file_ref idref="fl-20"/>
      </object_component>
      <object_component id="oc-112">
         <name>.ebss:__unlock</name>
         <uninitialized>true</uninitialized>
         <run_address>0xbfbe</run_address>
         <size>0x2</size>
         <input_file_ref idref="fl-20"/>
      </object_component>
      <object_component id="oc-10d">
         <name>.econst:_PieVectTableInit</name>
         <load_address>0x3f4b8e</load_address>
         <run_address>0x3f4b8e</run_address>
         <size>0x100</size>
         <input_file_ref idref="fl-a"/>
      </object_component>
      <object_component id="oc-d2">
         <name>.reset</name>
         <load_address>0x3fffc0</load_address>
         <run_address>0x3fffc0</run_address>
         <size>0x2</size>
         <input_file_ref idref="fl-1a"/>
      </object_component>
      <object_component id="oc-a0">
         <name>PieVectTableFile</name>
         <uninitialized>true</uninitialized>
         <run_address>0xd00</run_address>
         <size>0x100</size>
         <input_file_ref idref="fl-8"/>
      </object_component>
      <object_component id="oc-6a">
         <name>EmuKeyVar</name>
         <uninitialized>true</uninitialized>
         <run_address>0xd00</run_address>
         <size>0x1</size>
         <input_file_ref idref="fl-8"/>
      </object_component>
      <object_component id="oc-6b">
         <name>EmuBModeVar</name>
         <uninitialized>true</uninitialized>
         <run_address>0xd01</run_address>
         <size>0x1</size>
         <input_file_ref idref="fl-8"/>
      </object_component>
      <object_component id="oc-6d">
         <name>FlashCallbackVar</name>
         <uninitialized>true</uninitialized>
         <run_address>0xd02</run_address>
         <size>0x2</size>
         <input_file_ref idref="fl-8"/>
      </object_component>
      <object_component id="oc-6c">
         <name>FlashScalingVar</name>
         <uninitialized>true</uninitialized>
         <run_address>0xd04</run_address>
         <size>0x2</size>
         <input_file_ref idref="fl-8"/>
      </object_component>
      <object_component id="oc-6f">
         <name>DevEmuRegsFile</name>
         <uninitialized>true</uninitialized>
         <run_address>0x880</run_address>
         <size>0x4</size>
         <input_file_ref idref="fl-8"/>
      </object_component>
      <object_component id="oc-6e">
         <name>SysPwrCtrlRegsFile</name>
         <uninitialized>true</uninitialized>
         <run_address>0x985</run_address>
         <size>0x3</size>
         <input_file_ref idref="fl-8"/>
      </object_component>
      <object_component id="oc-74">
         <name>FlashRegsFile</name>
         <uninitialized>true</uninitialized>
         <run_address>0xa80</run_address>
         <size>0x8</size>
         <input_file_ref idref="fl-8"/>
      </object_component>
      <object_component id="oc-76">
         <name>CsmRegsFile</name>
         <uninitialized>true</uninitialized>
         <run_address>0xae0</run_address>
         <size>0x10</size>
         <input_file_ref idref="fl-8"/>
      </object_component>
      <object_component id="oc-75">
         <name>AdcResultFile</name>
         <uninitialized>true</uninitialized>
         <run_address>0xb00</run_address>
         <size>0x10</size>
         <input_file_ref idref="fl-8"/>
      </object_component>
      <object_component id="oc-70">
         <name>CpuTimer0RegsFile</name>
         <uninitialized>true</uninitialized>
         <run_address>0xc00</run_address>
         <size>0x8</size>
         <input_file_ref idref="fl-8"/>
      </object_component>
      <object_component id="oc-71">
         <name>CpuTimer1RegsFile</name>
         <uninitialized>true</uninitialized>
         <run_address>0xc08</run_address>
         <size>0x8</size>
         <input_file_ref idref="fl-8"/>
      </object_component>
      <object_component id="oc-72">
         <name>CpuTimer2RegsFile</name>
         <uninitialized>true</uninitialized>
         <run_address>0xc10</run_address>
         <size>0x8</size>
         <input_file_ref idref="fl-8"/>
      </object_component>
      <object_component id="oc-80">
         <name>PieCtrlRegsFile</name>
         <uninitialized>true</uninitialized>
         <run_address>0xce0</run_address>
         <size>0x1a</size>
         <input_file_ref idref="fl-8"/>
      </object_component>
      <object_component id="oc-90">
         <name>Cla1RegsFile</name>
         <uninitialized>true</uninitialized>
         <run_address>0x1400</run_address>
         <size>0x40</size>
         <input_file_ref idref="fl-8"/>
      </object_component>
      <object_component id="oc-9e">
         <name>DmaRegsFile</name>
         <uninitialized>true</uninitialized>
         <run_address>0x1000</run_address>
         <size>0xe0</size>
         <input_file_ref idref="fl-8"/>
      </object_component>
      <object_component id="oc-8f">
         <name>ECanaRegsFile</name>
         <uninitialized>true</uninitialized>
         <run_address>0x6000</run_address>
         <size>0x34</size>
         <input_file_ref idref="fl-8"/>
      </object_component>
      <object_component id="oc-91">
         <name>ECanaLAMRegsFile</name>
         <uninitialized>true</uninitialized>
         <run_address>0x6040</run_address>
         <size>0x40</size>
         <input_file_ref idref="fl-8"/>
      </object_component>
      <object_component id="oc-9f">
         <name>ECanaMboxesFile</name>
         <uninitialized>true</uninitialized>
         <run_address>0x6100</run_address>
         <size>0x100</size>
         <input_file_ref idref="fl-8"/>
      </object_component>
      <object_component id="oc-92">
         <name>ECanaMOTSRegsFile</name>
         <uninitialized>true</uninitialized>
         <run_address>0x6080</run_address>
         <size>0x40</size>
         <input_file_ref idref="fl-8"/>
      </object_component>
      <object_component id="oc-93">
         <name>ECanaMOTORegsFile</name>
         <uninitialized>true</uninitialized>
         <run_address>0x60c0</run_address>
         <size>0x40</size>
         <input_file_ref idref="fl-8"/>
      </object_component>
      <object_component id="oc-81">
         <name>ECap1RegsFile</name>
         <uninitialized>true</uninitialized>
         <run_address>0x6a00</run_address>
         <size>0x20</size>
         <input_file_ref idref="fl-8"/>
      </object_component>
      <object_component id="oc-82">
         <name>ECap2RegsFile</name>
         <uninitialized>true</uninitialized>
         <run_address>0x6a20</run_address>
         <size>0x20</size>
         <input_file_ref idref="fl-8"/>
      </object_component>
      <object_component id="oc-83">
         <name>ECap3RegsFile</name>
         <uninitialized>true</uninitialized>
         <run_address>0x6a40</run_address>
         <size>0x20</size>
         <input_file_ref idref="fl-8"/>
      </object_component>
      <object_component id="oc-8a">
         <name>EQep1RegsFile</name>
         <uninitialized>true</uninitialized>
         <run_address>0x6b00</run_address>
         <size>0x22</size>
         <input_file_ref idref="fl-8"/>
      </object_component>
      <object_component id="oc-8b">
         <name>EQep2RegsFile</name>
         <uninitialized>true</uninitialized>
         <run_address>0x6b40</run_address>
         <size>0x22</size>
         <input_file_ref idref="fl-8"/>
      </object_component>
      <object_component id="oc-9c">
         <name>GpioCtrlRegsFile</name>
         <uninitialized>true</uninitialized>
         <run_address>0x6f80</run_address>
         <size>0x40</size>
         <input_file_ref idref="fl-8"/>
      </object_component>
      <object_component id="oc-84">
         <name>GpioDataRegsFile</name>
         <uninitialized>true</uninitialized>
         <run_address>0x6fc0</run_address>
         <size>0x20</size>
         <input_file_ref idref="fl-8"/>
      </object_component>
      <object_component id="oc-85">
         <name>GpioIntRegsFile</name>
         <uninitialized>true</uninitialized>
         <run_address>0x6fe0</run_address>
         <size>0x20</size>
         <input_file_ref idref="fl-8"/>
      </object_component>
      <object_component id="oc-86">
         <name>HRCap1RegsFile</name>
         <uninitialized>true</uninitialized>
         <run_address>0x6ac0</run_address>
         <size>0x20</size>
         <input_file_ref idref="fl-8"/>
      </object_component>
      <object_component id="oc-87">
         <name>HRCap2RegsFile</name>
         <uninitialized>true</uninitialized>
         <run_address>0x6ae0</run_address>
         <size>0x20</size>
         <input_file_ref idref="fl-8"/>
      </object_component>
      <object_component id="oc-88">
         <name>HRCap3RegsFile</name>
         <uninitialized>true</uninitialized>
         <run_address>0x6c80</run_address>
         <size>0x20</size>
         <input_file_ref idref="fl-8"/>
      </object_component>
      <object_component id="oc-89">
         <name>HRCap4RegsFile</name>
         <uninitialized>true</uninitialized>
         <run_address>0x6ca0</run_address>
         <size>0x20</size>
         <input_file_ref idref="fl-8"/>
      </object_component>
      <object_component id="oc-8e">
         <name>SysCtrlRegsFile</name>
         <uninitialized>true</uninitialized>
         <run_address>0x7010</run_address>
         <size>0x30</size>
         <input_file_ref idref="fl-8"/>
      </object_component>
      <object_component id="oc-7a">
         <name>SpiaRegsFile</name>
         <uninitialized>true</uninitialized>
         <run_address>0x7040</run_address>
         <size>0x10</size>
         <input_file_ref idref="fl-8"/>
      </object_component>
      <object_component id="oc-7b">
         <name>SpibRegsFile</name>
         <uninitialized>true</uninitialized>
         <run_address>0x7740</run_address>
         <size>0x10</size>
         <input_file_ref idref="fl-8"/>
      </object_component>
      <object_component id="oc-78">
         <name>SciaRegsFile</name>
         <uninitialized>true</uninitialized>
         <run_address>0x7050</run_address>
         <size>0x10</size>
         <input_file_ref idref="fl-8"/>
      </object_component>
      <object_component id="oc-79">
         <name>ScibRegsFile</name>
         <uninitialized>true</uninitialized>
         <run_address>0x7750</run_address>
         <size>0x10</size>
         <input_file_ref idref="fl-8"/>
      </object_component>
      <object_component id="oc-77">
         <name>NmiIntruptRegsFile</name>
         <uninitialized>true</uninitialized>
         <run_address>0x7060</run_address>
         <size>0x10</size>
         <input_file_ref idref="fl-8"/>
      </object_component>
      <object_component id="oc-7c">
         <name>XIntruptRegsFile</name>
         <uninitialized>true</uninitialized>
         <run_address>0x7070</run_address>
         <size>0x10</size>
         <input_file_ref idref="fl-8"/>
      </object_component>
      <object_component id="oc-9d">
         <name>AdcRegsFile</name>
         <uninitialized>true</uninitialized>
         <run_address>0x7100</run_address>
         <size>0x50</size>
         <input_file_ref idref="fl-8"/>
      </object_component>
      <object_component id="oc-8c">
         <name>I2caRegsFile</name>
         <uninitialized>true</uninitialized>
         <run_address>0x7900</run_address>
         <size>0x22</size>
         <input_file_ref idref="fl-8"/>
      </object_component>
      <object_component id="oc-7d">
         <name>Comp1RegsFile</name>
         <uninitialized>true</uninitialized>
         <run_address>0x6400</run_address>
         <size>0x14</size>
         <input_file_ref idref="fl-8"/>
      </object_component>
      <object_component id="oc-7e">
         <name>Comp2RegsFile</name>
         <uninitialized>true</uninitialized>
         <run_address>0x6420</run_address>
         <size>0x14</size>
         <input_file_ref idref="fl-8"/>
      </object_component>
      <object_component id="oc-7f">
         <name>Comp3RegsFile</name>
         <uninitialized>true</uninitialized>
         <run_address>0x6440</run_address>
         <size>0x14</size>
         <input_file_ref idref="fl-8"/>
      </object_component>
      <object_component id="oc-94">
         <name>EPwm1RegsFile</name>
         <uninitialized>true</uninitialized>
         <run_address>0x6800</run_address>
         <size>0x40</size>
         <input_file_ref idref="fl-8"/>
      </object_component>
      <object_component id="oc-95">
         <name>EPwm2RegsFile</name>
         <uninitialized>true</uninitialized>
         <run_address>0x6840</run_address>
         <size>0x40</size>
         <input_file_ref idref="fl-8"/>
      </object_component>
      <object_component id="oc-96">
         <name>EPwm3RegsFile</name>
         <uninitialized>true</uninitialized>
         <run_address>0x6880</run_address>
         <size>0x40</size>
         <input_file_ref idref="fl-8"/>
      </object_component>
      <object_component id="oc-97">
         <name>EPwm4RegsFile</name>
         <uninitialized>true</uninitialized>
         <run_address>0x68c0</run_address>
         <size>0x40</size>
         <input_file_ref idref="fl-8"/>
      </object_component>
      <object_component id="oc-98">
         <name>EPwm5RegsFile</name>
         <uninitialized>true</uninitialized>
         <run_address>0x6900</run_address>
         <size>0x40</size>
         <input_file_ref idref="fl-8"/>
      </object_component>
      <object_component id="oc-99">
         <name>EPwm6RegsFile</name>
         <uninitialized>true</uninitialized>
         <run_address>0x6940</run_address>
         <size>0x40</size>
         <input_file_ref idref="fl-8"/>
      </object_component>
      <object_component id="oc-9a">
         <name>EPwm7RegsFile</name>
         <uninitialized>true</uninitialized>
         <run_address>0x6980</run_address>
         <size>0x40</size>
         <input_file_ref idref="fl-8"/>
      </object_component>
      <object_component id="oc-9b">
         <name>EPwm8RegsFile</name>
         <uninitialized>true</uninitialized>
         <run_address>0x69c0</run_address>
         <size>0x40</size>
         <input_file_ref idref="fl-8"/>
      </object_component>
      <object_component id="oc-8d">
         <name>McbspaRegsFile</name>
         <uninitialized>true</uninitialized>
         <run_address>0x5000</run_address>
         <size>0x24</size>
         <input_file_ref idref="fl-8"/>
      </object_component>
      <object_component id="oc-a1">
         <name>Usb0RegsFile</name>
         <uninitialized>true</uninitialized>
         <run_address>0x4000</run_address>
         <size>0x454</size>
         <input_file_ref idref="fl-8"/>
      </object_component>
      <object_component id="oc-73">
         <name>CsmPwlFile</name>
         <uninitialized>true</uninitialized>
         <run_address>0x3f7ff8</run_address>
         <size>0x8</size>
         <input_file_ref idref="fl-8"/>
      </object_component>
      <object_component id="oc-69">
         <name>PartIdRegsFile</name>
         <uninitialized>true</uninitialized>
         <run_address>0x3d7e80</run_address>
         <size>0x1</size>
         <input_file_ref idref="fl-8"/>
      </object_component>
      <object_component id="oc-58">
         <name>.debug_line</name>
         <load_address>0x0</load_address>
         <run_address>0x0</run_address>
         <size>0xa7</size>
         <input_file_ref idref="fl-5"/>
      </object_component>
      <object_component id="oc-5f">
         <name>.debug_line</name>
         <load_address>0xa7</load_address>
         <run_address>0xa7</run_address>
         <size>0xd1</size>
         <input_file_ref idref="fl-6"/>
      </object_component>
      <object_component id="oc-65">
         <name>.debug_line</name>
         <load_address>0x178</load_address>
         <run_address>0x178</run_address>
         <size>0x8ba</size>
         <input_file_ref idref="fl-7"/>
      </object_component>
      <object_component id="oc-a5">
         <name>.debug_line</name>
         <load_address>0xa32</load_address>
         <run_address>0xa32</run_address>
         <size>0xc8</size>
         <input_file_ref idref="fl-9"/>
      </object_component>
      <object_component id="oc-aa">
         <name>.debug_line</name>
         <load_address>0xafa</load_address>
         <run_address>0xafa</run_address>
         <size>0xaa</size>
         <input_file_ref idref="fl-a"/>
      </object_component>
      <object_component id="oc-af">
         <name>.debug_line</name>
         <load_address>0xba4</load_address>
         <run_address>0xba4</run_address>
         <size>0x238</size>
         <input_file_ref idref="fl-b"/>
      </object_component>
      <object_component id="oc-b3">
         <name>.debug_line</name>
         <load_address>0xddc</load_address>
         <run_address>0xddc</run_address>
         <size>0x8b</size>
         <input_file_ref idref="fl-c"/>
      </object_component>
      <object_component id="oc-b9">
         <name>.debug_line</name>
         <load_address>0xe67</load_address>
         <run_address>0xe67</run_address>
         <size>0x97</size>
         <input_file_ref idref="fl-d"/>
      </object_component>
      <object_component id="oc-c1">
         <name>.debug_line</name>
         <load_address>0xefe</load_address>
         <run_address>0xefe</run_address>
         <size>0x2a8</size>
         <input_file_ref idref="fl-e"/>
      </object_component>
      <object_component id="oc-c6">
         <name>.debug_line</name>
         <load_address>0x11a6</load_address>
         <run_address>0x11a6</run_address>
         <size>0x5c</size>
         <input_file_ref idref="fl-f"/>
      </object_component>
      <object_component id="oc-cd">
         <name>.debug_line</name>
         <load_address>0x1202</load_address>
         <run_address>0x1202</run_address>
         <size>0x23f</size>
         <input_file_ref idref="fl-10"/>
      </object_component>
      <object_component id="oc-d4">
         <name>.debug_line</name>
         <load_address>0x1441</load_address>
         <run_address>0x1441</run_address>
         <size>0x7e</size>
         <input_file_ref idref="fl-1a"/>
      </object_component>
      <object_component id="oc-d9">
         <name>.debug_line</name>
         <load_address>0x14bf</load_address>
         <run_address>0x14bf</run_address>
         <size>0x55</size>
         <input_file_ref idref="fl-1b"/>
      </object_component>
      <object_component id="oc-de">
         <name>.debug_line</name>
         <load_address>0x1514</load_address>
         <run_address>0x1514</run_address>
         <size>0x3a</size>
         <input_file_ref idref="fl-1c"/>
      </object_component>
      <object_component id="oc-e3">
         <name>.debug_line</name>
         <load_address>0x154e</load_address>
         <run_address>0x154e</run_address>
         <size>0x3e</size>
         <input_file_ref idref="fl-1d"/>
      </object_component>
      <object_component id="oc-e8">
         <name>.debug_line</name>
         <load_address>0x158c</load_address>
         <run_address>0x158c</run_address>
         <size>0x50</size>
         <input_file_ref idref="fl-1e"/>
      </object_component>
      <object_component id="oc-ef">
         <name>.debug_line</name>
         <load_address>0x15dc</load_address>
         <run_address>0x15dc</run_address>
         <size>0x65</size>
         <input_file_ref idref="fl-1f"/>
      </object_component>
      <object_component id="oc-f4">
         <name>.debug_line</name>
         <load_address>0x1641</load_address>
         <run_address>0x1641</run_address>
         <size>0x5e</size>
         <input_file_ref idref="fl-20"/>
      </object_component>
      <object_component id="oc-f9">
         <name>.debug_line</name>
         <load_address>0x169f</load_address>
         <run_address>0x169f</run_address>
         <size>0x62</size>
         <input_file_ref idref="fl-21"/>
      </object_component>
      <object_component id="oc-59">
         <name>.debug_info</name>
         <load_address>0x0</load_address>
         <run_address>0x0</run_address>
         <size>0x1df</size>
         <input_file_ref idref="fl-5"/>
      </object_component>
      <object_component id="oc-5c">
         <name>.debug_info</name>
         <load_address>0x1df</load_address>
         <run_address>0x1df</run_address>
         <size>0xab3</size>
         <input_file_ref idref="fl-6"/>
      </object_component>
      <object_component id="oc-62">
         <name>.debug_info</name>
         <load_address>0xc92</load_address>
         <run_address>0xc92</run_address>
         <size>0x5332</size>
         <input_file_ref idref="fl-7"/>
      </object_component>
      <object_component id="oc-68">
         <name>.debug_info</name>
         <load_address>0x5fc4</load_address>
         <run_address>0x5fc4</run_address>
         <size>0x1b06b</size>
         <input_file_ref idref="fl-8"/>
      </object_component>
      <object_component id="oc-a3">
         <name>.debug_info</name>
         <load_address>0x2102f</load_address>
         <run_address>0x2102f</run_address>
         <size>0xc4d</size>
         <input_file_ref idref="fl-9"/>
      </object_component>
      <object_component id="oc-a8">
         <name>.debug_info</name>
         <load_address>0x21c7c</load_address>
         <run_address>0x21c7c</run_address>
         <size>0x250a</size>
         <input_file_ref idref="fl-a"/>
      </object_component>
      <object_component id="oc-ad">
         <name>.debug_info</name>
         <load_address>0x24186</load_address>
         <run_address>0x24186</run_address>
         <size>0x2e6a</size>
         <input_file_ref idref="fl-b"/>
      </object_component>
      <object_component id="oc-b4">
         <name>.debug_info</name>
         <load_address>0x26ff0</load_address>
         <run_address>0x26ff0</run_address>
         <size>0x168</size>
         <input_file_ref idref="fl-c"/>
      </object_component>
      <object_component id="oc-b8">
         <name>.debug_info</name>
         <load_address>0x27158</load_address>
         <run_address>0x27158</run_address>
         <size>0x131</size>
         <input_file_ref idref="fl-d"/>
      </object_component>
      <object_component id="oc-bc">
         <name>.debug_info</name>
         <load_address>0x27289</load_address>
         <run_address>0x27289</run_address>
         <size>0x3ce8</size>
         <input_file_ref idref="fl-e"/>
      </object_component>
      <object_component id="oc-c4">
         <name>.debug_info</name>
         <load_address>0x2af71</load_address>
         <run_address>0x2af71</run_address>
         <size>0xa02</size>
         <input_file_ref idref="fl-f"/>
      </object_component>
      <object_component id="oc-c9">
         <name>.debug_info</name>
         <load_address>0x2b973</load_address>
         <run_address>0x2b973</run_address>
         <size>0x24f0</size>
         <input_file_ref idref="fl-10"/>
      </object_component>
      <object_component id="oc-d3">
         <name>.debug_info</name>
         <load_address>0x2de63</load_address>
         <run_address>0x2de63</run_address>
         <size>0x172</size>
         <input_file_ref idref="fl-1a"/>
      </object_component>
      <object_component id="oc-d7">
         <name>.debug_info</name>
         <load_address>0x2dfd5</load_address>
         <run_address>0x2dfd5</run_address>
         <size>0x466</size>
         <input_file_ref idref="fl-1b"/>
      </object_component>
      <object_component id="oc-dc">
         <name>.debug_info</name>
         <load_address>0x2e43b</load_address>
         <run_address>0x2e43b</run_address>
         <size>0x3a9</size>
         <input_file_ref idref="fl-1c"/>
      </object_component>
      <object_component id="oc-e1">
         <name>.debug_info</name>
         <load_address>0x2e7e4</load_address>
         <run_address>0x2e7e4</run_address>
         <size>0x3ac</size>
         <input_file_ref idref="fl-1d"/>
      </object_component>
      <object_component id="oc-e6">
         <name>.debug_info</name>
         <load_address>0x2eb90</load_address>
         <run_address>0x2eb90</run_address>
         <size>0x560</size>
         <input_file_ref idref="fl-1e"/>
      </object_component>
      <object_component id="oc-eb">
         <name>.debug_info</name>
         <load_address>0x2f0f0</load_address>
         <run_address>0x2f0f0</run_address>
         <size>0x543</size>
         <input_file_ref idref="fl-1f"/>
      </object_component>
      <object_component id="oc-f2">
         <name>.debug_info</name>
         <load_address>0x2f633</load_address>
         <run_address>0x2f633</run_address>
         <size>0x4cb</size>
         <input_file_ref idref="fl-20"/>
      </object_component>
      <object_component id="oc-f7">
         <name>.debug_info</name>
         <load_address>0x2fafe</load_address>
         <run_address>0x2fafe</run_address>
         <size>0x439</size>
         <input_file_ref idref="fl-21"/>
      </object_component>
      <object_component id="oc-171">
         <name>.debug_info</name>
         <load_address>0x2ff37</load_address>
         <run_address>0x2ff37</run_address>
         <size>0xa0</size>
      </object_component>
      <object_component id="oc-5a">
         <name>.debug_abbrev</name>
         <load_address>0x0</load_address>
         <run_address>0x0</run_address>
         <size>0x21</size>
         <input_file_ref idref="fl-5"/>
      </object_component>
      <object_component id="oc-60">
         <name>.debug_abbrev</name>
         <load_address>0x21</load_address>
         <run_address>0x21</run_address>
         <size>0xfd</size>
         <input_file_ref idref="fl-6"/>
      </object_component>
      <object_component id="oc-66">
         <name>.debug_abbrev</name>
         <load_address>0x11e</load_address>
         <run_address>0x11e</run_address>
         <size>0xde</size>
         <input_file_ref idref="fl-7"/>
      </object_component>
      <object_component id="oc-a2">
         <name>.debug_abbrev</name>
         <load_address>0x1fc</load_address>
         <run_address>0x1fc</run_address>
         <size>0xc4</size>
         <input_file_ref idref="fl-8"/>
      </object_component>
      <object_component id="oc-a6">
         <name>.debug_abbrev</name>
         <load_address>0x2c0</load_address>
         <run_address>0x2c0</run_address>
         <size>0xc8</size>
         <input_file_ref idref="fl-9"/>
      </object_component>
      <object_component id="oc-ab">
         <name>.debug_abbrev</name>
         <load_address>0x388</load_address>
         <run_address>0x388</run_address>
         <size>0x116</size>
         <input_file_ref idref="fl-a"/>
      </object_component>
      <object_component id="oc-b0">
         <name>.debug_abbrev</name>
         <load_address>0x49e</load_address>
         <run_address>0x49e</run_address>
         <size>0x1a3</size>
         <input_file_ref idref="fl-b"/>
      </object_component>
      <object_component id="oc-b5">
         <name>.debug_abbrev</name>
         <load_address>0x641</load_address>
         <run_address>0x641</run_address>
         <size>0x2f</size>
         <input_file_ref idref="fl-c"/>
      </object_component>
      <object_component id="oc-ba">
         <name>.debug_abbrev</name>
         <load_address>0x670</load_address>
         <run_address>0x670</run_address>
         <size>0x43</size>
         <input_file_ref idref="fl-d"/>
      </object_component>
      <object_component id="oc-c2">
         <name>.debug_abbrev</name>
         <load_address>0x6b3</load_address>
         <run_address>0x6b3</run_address>
         <size>0x1ed</size>
         <input_file_ref idref="fl-e"/>
      </object_component>
      <object_component id="oc-c7">
         <name>.debug_abbrev</name>
         <load_address>0x8a0</load_address>
         <run_address>0x8a0</run_address>
         <size>0xf2</size>
         <input_file_ref idref="fl-f"/>
      </object_component>
      <object_component id="oc-ce">
         <name>.debug_abbrev</name>
         <load_address>0x992</load_address>
         <run_address>0x992</run_address>
         <size>0x15d</size>
         <input_file_ref idref="fl-10"/>
      </object_component>
      <object_component id="oc-d5">
         <name>.debug_abbrev</name>
         <load_address>0xaef</load_address>
         <run_address>0xaef</run_address>
         <size>0x46</size>
         <input_file_ref idref="fl-1a"/>
      </object_component>
      <object_component id="oc-da">
         <name>.debug_abbrev</name>
         <load_address>0xb35</load_address>
         <run_address>0xb35</run_address>
         <size>0xee</size>
         <input_file_ref idref="fl-1b"/>
      </object_component>
      <object_component id="oc-df">
         <name>.debug_abbrev</name>
         <load_address>0xc23</load_address>
         <run_address>0xc23</run_address>
         <size>0x66</size>
         <input_file_ref idref="fl-1c"/>
      </object_component>
      <object_component id="oc-e4">
         <name>.debug_abbrev</name>
         <load_address>0xc89</load_address>
         <run_address>0xc89</run_address>
         <size>0x68</size>
         <input_file_ref idref="fl-1d"/>
      </object_component>
      <object_component id="oc-e9">
         <name>.debug_abbrev</name>
         <load_address>0xcf1</load_address>
         <run_address>0xcf1</run_address>
         <size>0xe3</size>
         <input_file_ref idref="fl-1e"/>
      </object_component>
      <object_component id="oc-f0">
         <name>.debug_abbrev</name>
         <load_address>0xdd4</load_address>
         <run_address>0xdd4</run_address>
         <size>0x130</size>
         <input_file_ref idref="fl-1f"/>
      </object_component>
      <object_component id="oc-f5">
         <name>.debug_abbrev</name>
         <load_address>0xf04</load_address>
         <run_address>0xf04</run_address>
         <size>0xb2</size>
         <input_file_ref idref="fl-20"/>
      </object_component>
      <object_component id="oc-fa">
         <name>.debug_abbrev</name>
         <load_address>0xfb6</load_address>
         <run_address>0xfb6</run_address>
         <size>0xa8</size>
         <input_file_ref idref="fl-21"/>
      </object_component>
      <object_component id="oc-172">
         <name>.debug_abbrev</name>
         <load_address>0x105e</load_address>
         <run_address>0x105e</run_address>
         <size>0xf</size>
      </object_component>
      <object_component id="oc-5b">
         <name>.debug_aranges</name>
         <load_address>0x0</load_address>
         <run_address>0x0</run_address>
         <size>0x28</size>
         <input_file_ref idref="fl-5"/>
      </object_component>
      <object_component id="oc-61">
         <name>.debug_aranges</name>
         <load_address>0x28</load_address>
         <run_address>0x28</run_address>
         <size>0x28</size>
         <input_file_ref idref="fl-6"/>
      </object_component>
      <object_component id="oc-67">
         <name>.debug_aranges</name>
         <load_address>0x50</load_address>
         <run_address>0x50</run_address>
         <size>0x2f8</size>
         <input_file_ref idref="fl-7"/>
      </object_component>
      <object_component id="oc-a7">
         <name>.debug_aranges</name>
         <load_address>0x348</load_address>
         <run_address>0x348</run_address>
         <size>0x28</size>
         <input_file_ref idref="fl-9"/>
      </object_component>
      <object_component id="oc-ac">
         <name>.debug_aranges</name>
         <load_address>0x370</load_address>
         <run_address>0x370</run_address>
         <size>0x20</size>
         <input_file_ref idref="fl-a"/>
      </object_component>
      <object_component id="oc-b1">
         <name>.debug_aranges</name>
         <load_address>0x390</load_address>
         <run_address>0x390</run_address>
         <size>0x70</size>
         <input_file_ref idref="fl-b"/>
      </object_component>
      <object_component id="oc-b6">
         <name>.debug_aranges</name>
         <load_address>0x400</load_address>
         <run_address>0x400</run_address>
         <size>0x20</size>
         <input_file_ref idref="fl-c"/>
      </object_component>
      <object_component id="oc-bb">
         <name>.debug_aranges</name>
         <load_address>0x420</load_address>
         <run_address>0x420</run_address>
         <size>0x28</size>
         <input_file_ref idref="fl-d"/>
      </object_component>
      <object_component id="oc-c3">
         <name>.debug_aranges</name>
         <load_address>0x448</load_address>
         <run_address>0x448</run_address>
         <size>0x88</size>
         <input_file_ref idref="fl-e"/>
      </object_component>
      <object_component id="oc-c8">
         <name>.debug_aranges</name>
         <load_address>0x4d0</load_address>
         <run_address>0x4d0</run_address>
         <size>0x20</size>
         <input_file_ref idref="fl-f"/>
      </object_component>
      <object_component id="oc-cf">
         <name>.debug_aranges</name>
         <load_address>0x4f0</load_address>
         <run_address>0x4f0</run_address>
         <size>0x98</size>
         <input_file_ref idref="fl-10"/>
      </object_component>
      <object_component id="oc-d6">
         <name>.debug_aranges</name>
         <load_address>0x588</load_address>
         <run_address>0x588</run_address>
         <size>0x20</size>
         <input_file_ref idref="fl-1a"/>
      </object_component>
      <object_component id="oc-db">
         <name>.debug_aranges</name>
         <load_address>0x5a8</load_address>
         <run_address>0x5a8</run_address>
         <size>0x20</size>
         <input_file_ref idref="fl-1b"/>
      </object_component>
      <object_component id="oc-e0">
         <name>.debug_aranges</name>
         <load_address>0x5c8</load_address>
         <run_address>0x5c8</run_address>
         <size>0x20</size>
         <input_file_ref idref="fl-1c"/>
      </object_component>
      <object_component id="oc-e5">
         <name>.debug_aranges</name>
         <load_address>0x5e8</load_address>
         <run_address>0x5e8</run_address>
         <size>0x20</size>
         <input_file_ref idref="fl-1d"/>
      </object_component>
      <object_component id="oc-ea">
         <name>.debug_aranges</name>
         <load_address>0x608</load_address>
         <run_address>0x608</run_address>
         <size>0x20</size>
         <input_file_ref idref="fl-1e"/>
      </object_component>
      <object_component id="oc-f1">
         <name>.debug_aranges</name>
         <load_address>0x628</load_address>
         <run_address>0x628</run_address>
         <size>0x28</size>
         <input_file_ref idref="fl-1f"/>
      </object_component>
      <object_component id="oc-f6">
         <name>.debug_aranges</name>
         <load_address>0x650</load_address>
         <run_address>0x650</run_address>
         <size>0x30</size>
         <input_file_ref idref="fl-20"/>
      </object_component>
      <object_component id="oc-fb">
         <name>.debug_aranges</name>
         <load_address>0x680</load_address>
         <run_address>0x680</run_address>
         <size>0x20</size>
         <input_file_ref idref="fl-21"/>
      </object_component>
      <object_component id="oc-5e">
         <name>.debug_frame</name>
         <load_address>0x0</load_address>
         <run_address>0x0</run_address>
         <size>0x5c</size>
         <input_file_ref idref="fl-6"/>
      </object_component>
      <object_component id="oc-64">
         <name>.debug_frame</name>
         <load_address>0x5c</load_address>
         <run_address>0x5c</run_address>
         <size>0xbb0</size>
         <input_file_ref idref="fl-7"/>
      </object_component>
      <object_component id="oc-a4">
         <name>.debug_frame</name>
         <load_address>0xc0c</load_address>
         <run_address>0xc0c</run_address>
         <size>0x58</size>
         <input_file_ref idref="fl-9"/>
      </object_component>
      <object_component id="oc-a9">
         <name>.debug_frame</name>
         <load_address>0xc64</load_address>
         <run_address>0xc64</run_address>
         <size>0x44</size>
         <input_file_ref idref="fl-a"/>
      </object_component>
      <object_component id="oc-ae">
         <name>.debug_frame</name>
         <load_address>0xca8</load_address>
         <run_address>0xca8</run_address>
         <size>0x13c</size>
         <input_file_ref idref="fl-b"/>
      </object_component>
      <object_component id="oc-c0">
         <name>.debug_frame</name>
         <load_address>0xde4</load_address>
         <run_address>0xde4</run_address>
         <size>0x218</size>
         <input_file_ref idref="fl-e"/>
      </object_component>
      <object_component id="oc-c5">
         <name>.debug_frame</name>
         <load_address>0xffc</load_address>
         <run_address>0xffc</run_address>
         <size>0x40</size>
         <input_file_ref idref="fl-f"/>
      </object_component>
      <object_component id="oc-cc">
         <name>.debug_frame</name>
         <load_address>0x103c</load_address>
         <run_address>0x103c</run_address>
         <size>0x1a8</size>
         <input_file_ref idref="fl-10"/>
      </object_component>
      <object_component id="oc-d8">
         <name>.debug_frame</name>
         <load_address>0x11e4</load_address>
         <run_address>0x11e4</run_address>
         <size>0x40</size>
         <input_file_ref idref="fl-1b"/>
      </object_component>
      <object_component id="oc-dd">
         <name>.debug_frame</name>
         <load_address>0x1224</load_address>
         <run_address>0x1224</run_address>
         <size>0x40</size>
         <input_file_ref idref="fl-1c"/>
      </object_component>
      <object_component id="oc-e2">
         <name>.debug_frame</name>
         <load_address>0x1264</load_address>
         <run_address>0x1264</run_address>
         <size>0x40</size>
         <input_file_ref idref="fl-1d"/>
      </object_component>
      <object_component id="oc-e7">
         <name>.debug_frame</name>
         <load_address>0x12a4</load_address>
         <run_address>0x12a4</run_address>
         <size>0x60</size>
         <input_file_ref idref="fl-1e"/>
      </object_component>
      <object_component id="oc-ee">
         <name>.debug_frame</name>
         <load_address>0x1304</load_address>
         <run_address>0x1304</run_address>
         <size>0x60</size>
         <input_file_ref idref="fl-1f"/>
      </object_component>
      <object_component id="oc-f3">
         <name>.debug_frame</name>
         <load_address>0x1364</load_address>
         <run_address>0x1364</run_address>
         <size>0x70</size>
         <input_file_ref idref="fl-20"/>
      </object_component>
      <object_component id="oc-f8">
         <name>.debug_frame</name>
         <load_address>0x13d4</load_address>
         <run_address>0x13d4</run_address>
         <size>0x40</size>
         <input_file_ref idref="fl-21"/>
      </object_component>
   </object_component_list>
   <logical_group_list>
      <logical_group id="lg-2" display="no" color="cyan">
         <name>.cinit</name>
         <load_address>0x3f4c8e</load_address>
         <run_address>0x3f4c8e</run_address>
         <size>0x42</size>
         <contents>
            <object_component_ref idref="oc-ca"/>
            <object_component_ref idref="oc-ec"/>
            <object_component_ref idref="oc-10c"/>
            <object_component_ref idref="oc-110"/>
            <object_component_ref idref="oc-bd"/>
         </contents>
      </logical_group>
      <logical_group id="lg-3" display="no" color="cyan">
         <name>.pinit</name>
         <run_address>0x0</run_address>
         <size>0x0</size>
         <contents>
         </contents>
      </logical_group>
      <logical_group id="lg-4" display="no" color="cyan">
         <name>.text</name>
         <load_address>0x3f4000</load_address>
         <run_address>0x3f4000</run_address>
         <size>0xb8e</size>
         <contents>
            <object_component_ref idref="oc-63"/>
            <object_component_ref idref="oc-fc"/>
            <object_component_ref idref="oc-103"/>
            <object_component_ref idref="oc-10e"/>
            <object_component_ref idref="oc-bf"/>
            <object_component_ref idref="oc-108"/>
            <object_component_ref idref="oc-10a"/>
            <object_component_ref idref="oc-d0"/>
            <object_component_ref idref="oc-b7"/>
            <object_component_ref idref="oc-102"/>
            <object_component_ref idref="oc-104"/>
            <object_component_ref idref="oc-105"/>
            <object_component_ref idref="oc-ff"/>
            <object_component_ref idref="oc-109"/>
            <object_component_ref idref="oc-101"/>
            <object_component_ref idref="oc-10f"/>
            <object_component_ref idref="oc-57"/>
            <object_component_ref idref="oc-fe"/>
            <object_component_ref idref="oc-100"/>
         </contents>
      </logical_group>
      <logical_group id="lg-5" display="no" color="cyan">
         <name>codestart</name>
         <load_address>0x3f7ff6</load_address>
         <run_address>0x3f7ff6</run_address>
         <size>0x2</size>
         <contents>
            <object_component_ref idref="oc-56"/>
         </contents>
      </logical_group>
      <logical_group id="lg-6" display="no" color="cyan">
         <name>OS_Start</name>
         <run_address>0x0</run_address>
         <size>0x0</size>
         <contents>
         </contents>
      </logical_group>
      <logical_group id="lg-7" display="no" color="cyan">
         <name>OS_SysTick_Handler_isr</name>
         <run_address>0x0</run_address>
         <size>0x0</size>
         <contents>
         </contents>
      </logical_group>
      <logical_group id="lg-8" display="no" color="cyan">
         <name>ramfuncs</name>
         <load_address>0x3e8000</load_address>
         <run_address>0x8000</run_address>
         <size>0x4</size>
         <contents>
            <object_component_ref idref="oc-b2"/>
         </contents>
      </logical_group>
      <logical_group id="lg-9" display="no" color="cyan">
         <name>csmpasswds</name>
         <run_address>0x0</run_address>
         <size>0x0</size>
         <contents>
         </contents>
      </logical_group>
      <logical_group id="lg-a" display="no" color="cyan">
         <name>csm_rsvd</name>
         <run_address>0x0</run_address>
         <size>0x0</size>
         <contents>
         </contents>
      </logical_group>
      <logical_group id="lg-b" display="no" color="cyan">
         <name>.stack</name>
         <run_address>0x50</run_address>
         <size>0x200</size>
         <contents>
            <object_component_ref idref="oc-d1"/>
            <object_component_ref idref="oc-170"/>
         </contents>
      </logical_group>
      <logical_group id="lg-c" display="no" color="cyan">
         <name>.ebss</name>
         <run_address>0xa000</run_address>
         <size>0x204c</size>
         <contents>
            <object_component_ref idref="oc-5d"/>
            <object_component_ref idref="oc-be"/>
            <object_component_ref idref="oc-fd"/>
            <object_component_ref idref="oc-106"/>
            <object_component_ref idref="oc-107"/>
            <object_component_ref idref="oc-cb"/>
            <object_component_ref idref="oc-111"/>
            <object_component_ref idref="oc-ed"/>
            <object_component_ref idref="oc-10b"/>
            <object_component_ref idref="oc-112"/>
         </contents>
      </logical_group>
      <logical_group id="lg-d" display="no" color="cyan">
         <name>.esysmem</name>
         <run_address>0x0</run_address>
         <size>0x0</size>
         <contents>
         </contents>
      </logical_group>
      <logical_group id="lg-e" display="no" color="cyan">
         <name>.cio</name>
         <run_address>0x0</run_address>
         <size>0x0</size>
         <contents>
         </contents>
      </logical_group>
      <logical_group id="lg-f" display="no" color="cyan">
         <name>.econst</name>
         <load_address>0x3f4b8e</load_address>
         <run_address>0x3f4b8e</run_address>
         <size>0x100</size>
         <contents>
            <object_component_ref idref="oc-10d"/>
         </contents>
      </logical_group>
      <logical_group id="lg-10" display="no" color="cyan">
         <name>.switch</name>
         <run_address>0x0</run_address>
         <size>0x0</size>
         <contents>
         </contents>
      </logical_group>
      <logical_group id="lg-11" display="no" color="cyan">
         <name>IQmath</name>
         <run_address>0x0</run_address>
         <size>0x0</size>
         <contents>
         </contents>
      </logical_group>
      <logical_group id="lg-12" display="no" color="cyan">
         <name>IQmathTables</name>
         <run_address>0x0</run_address>
         <size>0x0</size>
         <contents>
         </contents>
      </logical_group>
      <logical_group id="lg-13" display="no" color="cyan">
         <name>FPUmathTables</name>
         <run_address>0x0</run_address>
         <size>0x0</size>
         <contents>
         </contents>
      </logical_group>
      <logical_group id="lg-14" display="no" color="cyan">
         <name>DMARAML5</name>
         <run_address>0x0</run_address>
         <size>0x0</size>
         <contents>
         </contents>
      </logical_group>
      <logical_group id="lg-15" display="no" color="cyan">
         <name>DMARAML6</name>
         <run_address>0x0</run_address>
         <size>0x0</size>
         <contents>
         </contents>
      </logical_group>
      <logical_group id="lg-16" display="no" color="cyan">
         <name>DMARAML7</name>
         <run_address>0x0</run_address>
         <size>0x0</size>
         <contents>
         </contents>
      </logical_group>
      <logical_group id="lg-17" display="no" color="cyan">
         <name>DMARAML8</name>
         <run_address>0x0</run_address>
         <size>0x0</size>
         <contents>
         </contents>
      </logical_group>
      <logical_group id="lg-18" display="no" color="cyan">
         <name>.reset</name>
         <load_address>0x3fffc0</load_address>
         <run_address>0x3fffc0</run_address>
         <size>0x2</size>
         <contents>
            <object_component_ref idref="oc-d2"/>
         </contents>
      </logical_group>
      <logical_group id="lg-19" display="no" color="cyan">
         <name>vectors</name>
         <run_address>0x3fffc2</run_address>
         <size>0x0</size>
         <contents>
         </contents>
      </logical_group>
      <logical_group id="lg-1b" display="no" color="cyan">
         <name>PieVectTableFile</name>
         <run_address>0xd00</run_address>
         <size>0x100</size>
         <contents>
            <object_component_ref idref="oc-a0"/>
         </contents>
      </logical_group>
      <logical_group id="lg-1d" display="no" color="cyan">
         <name>EmuKeyVar</name>
         <run_address>0xd00</run_address>
         <size>0x1</size>
         <contents>
            <object_component_ref idref="oc-6a"/>
         </contents>
      </logical_group>
      <logical_group id="lg-1e" display="no" color="cyan">
         <name>EmuBModeVar</name>
         <run_address>0xd01</run_address>
         <size>0x1</size>
         <contents>
            <object_component_ref idref="oc-6b"/>
         </contents>
      </logical_group>
      <logical_group id="lg-1f" display="no" color="cyan">
         <name>FlashCallbackVar</name>
         <run_address>0xd02</run_address>
         <size>0x2</size>
         <contents>
            <object_component_ref idref="oc-6d"/>
         </contents>
      </logical_group>
      <logical_group id="lg-20" display="no" color="cyan">
         <name>FlashScalingVar</name>
         <run_address>0xd04</run_address>
         <size>0x2</size>
         <contents>
            <object_component_ref idref="oc-6c"/>
         </contents>
      </logical_group>
      <logical_group id="lg-1c" display="no" color="cyan">
         <name>GROUP_2</name>
         <run_address>0xd00</run_address>
         <size>0x6</size>
         <contents>
            <logical_group_ref idref="lg-1d"/>
            <logical_group_ref idref="lg-1e"/>
            <logical_group_ref idref="lg-1f"/>
            <logical_group_ref idref="lg-20"/>
         </contents>
      </logical_group>
      <overlay id="lg-1a" display="no" color="cyan">
         <name>UNION_1</name>
         <run_address>0xd00</run_address>
         <size>0x100</size>
         <contents>
            <logical_group_ref idref="lg-1b"/>
            <logical_group_ref idref="lg-1c"/>
         </contents>
      </overlay>
      <logical_group id="lg-21" display="no" color="cyan">
         <name>DevEmuRegsFile</name>
         <run_address>0x880</run_address>
         <size>0x4</size>
         <contents>
            <object_component_ref idref="oc-6f"/>
         </contents>
      </logical_group>
      <logical_group id="lg-22" display="no" color="cyan">
         <name>SysPwrCtrlRegsFile</name>
         <run_address>0x985</run_address>
         <size>0x3</size>
         <contents>
            <object_component_ref idref="oc-6e"/>
         </contents>
      </logical_group>
      <logical_group id="lg-23" display="no" color="cyan">
         <name>FlashRegsFile</name>
         <run_address>0xa80</run_address>
         <size>0x8</size>
         <contents>
            <object_component_ref idref="oc-74"/>
         </contents>
      </logical_group>
      <logical_group id="lg-24" display="no" color="cyan">
         <name>CsmRegsFile</name>
         <run_address>0xae0</run_address>
         <size>0x10</size>
         <contents>
            <object_component_ref idref="oc-76"/>
         </contents>
      </logical_group>
      <logical_group id="lg-25" display="no" color="cyan">
         <name>AdcResultFile</name>
         <run_address>0xb00</run_address>
         <size>0x10</size>
         <contents>
            <object_component_ref idref="oc-75"/>
         </contents>
      </logical_group>
      <logical_group id="lg-26" display="no" color="cyan">
         <name>CpuTimer0RegsFile</name>
         <run_address>0xc00</run_address>
         <size>0x8</size>
         <contents>
            <object_component_ref idref="oc-70"/>
         </contents>
      </logical_group>
      <logical_group id="lg-27" display="no" color="cyan">
         <name>CpuTimer1RegsFile</name>
         <run_address>0xc08</run_address>
         <size>0x8</size>
         <contents>
            <object_component_ref idref="oc-71"/>
         </contents>
      </logical_group>
      <logical_group id="lg-28" display="no" color="cyan">
         <name>CpuTimer2RegsFile</name>
         <run_address>0xc10</run_address>
         <size>0x8</size>
         <contents>
            <object_component_ref idref="oc-72"/>
         </contents>
      </logical_group>
      <logical_group id="lg-29" display="no" color="cyan">
         <name>PieCtrlRegsFile</name>
         <run_address>0xce0</run_address>
         <size>0x1a</size>
         <contents>
            <object_component_ref idref="oc-80"/>
         </contents>
      </logical_group>
      <logical_group id="lg-2a" display="no" color="cyan">
         <name>Cla1RegsFile</name>
         <run_address>0x1400</run_address>
         <size>0x40</size>
         <contents>
            <object_component_ref idref="oc-90"/>
         </contents>
      </logical_group>
      <logical_group id="lg-2b" display="no" color="cyan">
         <name>DmaRegsFile</name>
         <run_address>0x1000</run_address>
         <size>0xe0</size>
         <contents>
            <object_component_ref idref="oc-9e"/>
         </contents>
      </logical_group>
      <logical_group id="lg-2c" display="no" color="cyan">
         <name>ECanaRegsFile</name>
         <run_address>0x6000</run_address>
         <size>0x34</size>
         <contents>
            <object_component_ref idref="oc-8f"/>
         </contents>
      </logical_group>
      <logical_group id="lg-2d" display="no" color="cyan">
         <name>ECanaLAMRegsFile</name>
         <run_address>0x6040</run_address>
         <size>0x40</size>
         <contents>
            <object_component_ref idref="oc-91"/>
         </contents>
      </logical_group>
      <logical_group id="lg-2e" display="no" color="cyan">
         <name>ECanaMboxesFile</name>
         <run_address>0x6100</run_address>
         <size>0x100</size>
         <contents>
            <object_component_ref idref="oc-9f"/>
         </contents>
      </logical_group>
      <logical_group id="lg-2f" display="no" color="cyan">
         <name>ECanaMOTSRegsFile</name>
         <run_address>0x6080</run_address>
         <size>0x40</size>
         <contents>
            <object_component_ref idref="oc-92"/>
         </contents>
      </logical_group>
      <logical_group id="lg-30" display="no" color="cyan">
         <name>ECanaMOTORegsFile</name>
         <run_address>0x60c0</run_address>
         <size>0x40</size>
         <contents>
            <object_component_ref idref="oc-93"/>
         </contents>
      </logical_group>
      <logical_group id="lg-31" display="no" color="cyan">
         <name>ECap1RegsFile</name>
         <run_address>0x6a00</run_address>
         <size>0x20</size>
         <contents>
            <object_component_ref idref="oc-81"/>
         </contents>
      </logical_group>
      <logical_group id="lg-32" display="no" color="cyan">
         <name>ECap2RegsFile</name>
         <run_address>0x6a20</run_address>
         <size>0x20</size>
         <contents>
            <object_component_ref idref="oc-82"/>
         </contents>
      </logical_group>
      <logical_group id="lg-33" display="no" color="cyan">
         <name>ECap3RegsFile</name>
         <run_address>0x6a40</run_address>
         <size>0x20</size>
         <contents>
            <object_component_ref idref="oc-83"/>
         </contents>
      </logical_group>
      <logical_group id="lg-34" display="no" color="cyan">
         <name>EQep1RegsFile</name>
         <run_address>0x6b00</run_address>
         <size>0x22</size>
         <contents>
            <object_component_ref idref="oc-8a"/>
         </contents>
      </logical_group>
      <logical_group id="lg-35" display="no" color="cyan">
         <name>EQep2RegsFile</name>
         <run_address>0x6b40</run_address>
         <size>0x22</size>
         <contents>
            <object_component_ref idref="oc-8b"/>
         </contents>
      </logical_group>
      <logical_group id="lg-36" display="no" color="cyan">
         <name>GpioCtrlRegsFile</name>
         <run_address>0x6f80</run_address>
         <size>0x40</size>
         <contents>
            <object_component_ref idref="oc-9c"/>
         </contents>
      </logical_group>
      <logical_group id="lg-37" display="no" color="cyan">
         <name>GpioDataRegsFile</name>
         <run_address>0x6fc0</run_address>
         <size>0x20</size>
         <contents>
            <object_component_ref idref="oc-84"/>
         </contents>
      </logical_group>
      <logical_group id="lg-38" display="no" color="cyan">
         <name>GpioIntRegsFile</name>
         <run_address>0x6fe0</run_address>
         <size>0x20</size>
         <contents>
            <object_component_ref idref="oc-85"/>
         </contents>
      </logical_group>
      <logical_group id="lg-39" display="no" color="cyan">
         <name>HRCap1RegsFile</name>
         <run_address>0x6ac0</run_address>
         <size>0x20</size>
         <contents>
            <object_component_ref idref="oc-86"/>
         </contents>
      </logical_group>
      <logical_group id="lg-3a" display="no" color="cyan">
         <name>HRCap2RegsFile</name>
         <run_address>0x6ae0</run_address>
         <size>0x20</size>
         <contents>
            <object_component_ref idref="oc-87"/>
         </contents>
      </logical_group>
      <logical_group id="lg-3b" display="no" color="cyan">
         <name>HRCap3RegsFile</name>
         <run_address>0x6c80</run_address>
         <size>0x20</size>
         <contents>
            <object_component_ref idref="oc-88"/>
         </contents>
      </logical_group>
      <logical_group id="lg-3c" display="no" color="cyan">
         <name>HRCap4RegsFile</name>
         <run_address>0x6ca0</run_address>
         <size>0x20</size>
         <contents>
            <object_component_ref idref="oc-89"/>
         </contents>
      </logical_group>
      <logical_group id="lg-3d" display="no" color="cyan">
         <name>SysCtrlRegsFile</name>
         <run_address>0x7010</run_address>
         <size>0x30</size>
         <contents>
            <object_component_ref idref="oc-8e"/>
         </contents>
      </logical_group>
      <logical_group id="lg-3e" display="no" color="cyan">
         <name>SpiaRegsFile</name>
         <run_address>0x7040</run_address>
         <size>0x10</size>
         <contents>
            <object_component_ref idref="oc-7a"/>
         </contents>
      </logical_group>
      <logical_group id="lg-3f" display="no" color="cyan">
         <name>SpibRegsFile</name>
         <run_address>0x7740</run_address>
         <size>0x10</size>
         <contents>
            <object_component_ref idref="oc-7b"/>
         </contents>
      </logical_group>
      <logical_group id="lg-40" display="no" color="cyan">
         <name>SciaRegsFile</name>
         <run_address>0x7050</run_address>
         <size>0x10</size>
         <contents>
            <object_component_ref idref="oc-78"/>
         </contents>
      </logical_group>
      <logical_group id="lg-41" display="no" color="cyan">
         <name>ScibRegsFile</name>
         <run_address>0x7750</run_address>
         <size>0x10</size>
         <contents>
            <object_component_ref idref="oc-79"/>
         </contents>
      </logical_group>
      <logical_group id="lg-42" display="no" color="cyan">
         <name>NmiIntruptRegsFile</name>
         <run_address>0x7060</run_address>
         <size>0x10</size>
         <contents>
            <object_component_ref idref="oc-77"/>
         </contents>
      </logical_group>
      <logical_group id="lg-43" display="no" color="cyan">
         <name>XIntruptRegsFile</name>
         <run_address>0x7070</run_address>
         <size>0x10</size>
         <contents>
            <object_component_ref idref="oc-7c"/>
         </contents>
      </logical_group>
      <logical_group id="lg-44" display="no" color="cyan">
         <name>AdcRegsFile</name>
         <run_address>0x7100</run_address>
         <size>0x50</size>
         <contents>
            <object_component_ref idref="oc-9d"/>
         </contents>
      </logical_group>
      <logical_group id="lg-45" display="no" color="cyan">
         <name>I2caRegsFile</name>
         <run_address>0x7900</run_address>
         <size>0x22</size>
         <contents>
            <object_component_ref idref="oc-8c"/>
         </contents>
      </logical_group>
      <logical_group id="lg-46" display="no" color="cyan">
         <name>Comp1RegsFile</name>
         <run_address>0x6400</run_address>
         <size>0x14</size>
         <contents>
            <object_component_ref idref="oc-7d"/>
         </contents>
      </logical_group>
      <logical_group id="lg-47" display="no" color="cyan">
         <name>Comp2RegsFile</name>
         <run_address>0x6420</run_address>
         <size>0x14</size>
         <contents>
            <object_component_ref idref="oc-7e"/>
         </contents>
      </logical_group>
      <logical_group id="lg-48" display="no" color="cyan">
         <name>Comp3RegsFile</name>
         <run_address>0x6440</run_address>
         <size>0x14</size>
         <contents>
            <object_component_ref idref="oc-7f"/>
         </contents>
      </logical_group>
      <logical_group id="lg-49" display="no" color="cyan">
         <name>EPwm1RegsFile</name>
         <run_address>0x6800</run_address>
         <size>0x40</size>
         <contents>
            <object_component_ref idref="oc-94"/>
         </contents>
      </logical_group>
      <logical_group id="lg-4a" display="no" color="cyan">
         <name>EPwm2RegsFile</name>
         <run_address>0x6840</run_address>
         <size>0x40</size>
         <contents>
            <object_component_ref idref="oc-95"/>
         </contents>
      </logical_group>
      <logical_group id="lg-4b" display="no" color="cyan">
         <name>EPwm3RegsFile</name>
         <run_address>0x6880</run_address>
         <size>0x40</size>
         <contents>
            <object_component_ref idref="oc-96"/>
         </contents>
      </logical_group>
      <logical_group id="lg-4c" display="no" color="cyan">
         <name>EPwm4RegsFile</name>
         <run_address>0x68c0</run_address>
         <size>0x40</size>
         <contents>
            <object_component_ref idref="oc-97"/>
         </contents>
      </logical_group>
      <logical_group id="lg-4d" display="no" color="cyan">
         <name>EPwm5RegsFile</name>
         <run_address>0x6900</run_address>
         <size>0x40</size>
         <contents>
            <object_component_ref idref="oc-98"/>
         </contents>
      </logical_group>
      <logical_group id="lg-4e" display="no" color="cyan">
         <name>EPwm6RegsFile</name>
         <run_address>0x6940</run_address>
         <size>0x40</size>
         <contents>
            <object_component_ref idref="oc-99"/>
         </contents>
      </logical_group>
      <logical_group id="lg-4f" display="no" color="cyan">
         <name>EPwm7RegsFile</name>
         <run_address>0x6980</run_address>
         <size>0x40</size>
         <contents>
            <object_component_ref idref="oc-9a"/>
         </contents>
      </logical_group>
      <logical_group id="lg-50" display="no" color="cyan">
         <name>EPwm8RegsFile</name>
         <run_address>0x69c0</run_address>
         <size>0x40</size>
         <contents>
            <object_component_ref idref="oc-9b"/>
         </contents>
      </logical_group>
      <logical_group id="lg-51" display="no" color="cyan">
         <name>McbspaRegsFile</name>
         <run_address>0x5000</run_address>
         <size>0x24</size>
         <contents>
            <object_component_ref idref="oc-8d"/>
         </contents>
      </logical_group>
      <logical_group id="lg-52" display="no" color="cyan">
         <name>Usb0RegsFile</name>
         <run_address>0x4000</run_address>
         <size>0x454</size>
         <contents>
            <object_component_ref idref="oc-a1"/>
         </contents>
      </logical_group>
      <logical_group id="lg-53" display="no" color="cyan">
         <name>CsmPwlFile</name>
         <run_address>0x3f7ff8</run_address>
         <size>0x8</size>
         <contents>
            <object_component_ref idref="oc-73"/>
         </contents>
      </logical_group>
      <logical_group id="lg-54" display="no" color="cyan">
         <name>PartIdRegsFile</name>
         <run_address>0x3d7e80</run_address>
         <size>0x1</size>
         <contents>
            <object_component_ref idref="oc-69"/>
         </contents>
      </logical_group>
      <logical_group id="lg-164" display="never" color="cyan">
         <name>.debug_line</name>
         <load_address>0x0</load_address>
         <run_address>0x0</run_address>
[...]
         <object_component_ref idref="oc-8e"/>
      </symbol>
      <symbol id="sm-227">
         <name>_HRCap4Regs</name>
         <value>0x6ca0</value>
         <object_component_ref idref="oc-89"/>
      </symbol>
      <symbol id="sm-228">
         <name>_EPwm5Regs</name>
         <value>0x6900</value>
         <object_component_ref idref="oc-98"/>
      </symbol>
      <symbol id="sm-229">
         <name>_SpiaRegs</name>
         <value>0x7040</value>
         <object_component_ref idref="oc-7a"/>
      </symbol>
      <symbol id="sm-22a">
         <name>_ECanaMOTSRegs</name>
         <value>0x6080</value>
         <object_component_ref idref="oc-92"/>
      </symbol>
      <symbol id="sm-22b">
         <name>_DmaRegs</name>
         <value>0x1000</value>
         <object_component_ref idref="oc-9e"/>
      </symbol>
      <symbol id="sm-22c">
         <name>_FlashRegs</name>
         <value>0xa80</value>
         <object_component_ref idref="oc-74"/>
      </symbol>
      <symbol id="sm-22d">
         <name>_CpuTimer0Regs</name>
         <value>0xc00</value>
         <object_component_ref idref="oc-70"/>
      </symbol>
      <symbol id="sm-22e">
         <name>_DevEmuRegs</name>
         <value>0x880</value>
         <object_component_ref idref="oc-6f"/>
      </symbol>
      <symbol id="sm-22f">
         <name>_EPwm6Regs</name>
         <value>0x6940</value>
         <object_component_ref idref="oc-99"/>
      </symbol>
      <symbol id="sm-230">
         <name>_Comp1Regs</name>
         <value>0x6400</value>
         <object_component_ref idref="oc-7d"/>
      </symbol>
      <symbol id="sm-231">
         <name>_SciaRegs</name>
         <value>0x7050</value>
         <object_component_ref idref="oc-78"/>
      </symbol>
      <symbol id="sm-232">
         <name>_GpioDataRegs</name>
         <value>0x6fc0</value>
         <object_component_ref idref="oc-84"/>
      </symbol>
      <symbol id="sm-233">
         <name>_CsmPwl</name>
         <value>0x3f7ff8</value>
         <object_component_ref idref="oc-73"/>
      </symbol>
      <symbol id="sm-234">
         <name>_AdcRegs</name>
         <value>0x7100</value>
         <object_component_ref idref="oc-9d"/>
      </symbol>
      <symbol id="sm-235">
         <name>_EPwm7Regs</name>
         <value>0x6980</value>
         <object_component_ref idref="oc-9a"/>
      </symbol>
      <symbol id="sm-236">
         <name>_Comp2Regs</name>
         <value>0x6420</value>
         <object_component_ref idref="oc-7e"/>
      </symbol>
      <symbol id="sm-237">
         <name>_XIntruptRegs</name>
         <value>0x7070</value>
         <object_component_ref idref="oc-7c"/>
      </symbol>
      <symbol id="sm-238">
         <name>_CpuTimer2Regs</name>
         <value>0xc10</value>
         <object_component_ref idref="oc-72"/>
      </symbol>
      <symbol id="sm-239">
         <name>_HRCap1Regs</name>
         <value>0x6ac0</value>
         <object_component_ref idref="oc-86"/>
      </symbol>
      <symbol id="sm-23a">
         <name>_PieCtrlRegs</name>
         <value>0xce0</value>
         <object_component_ref idref="oc-80"/>
      </symbol>
      <symbol id="sm-23b">
         <name>_SpibRegs</name>
         <value>0x7740</value>
         <object_component_ref idref="oc-7b"/>
      </symbol>
      <symbol id="sm-23c">
         <name>_ECanaRegs</name>
         <value>0x6000</value>
         <object_component_ref idref="oc-8f"/>
      </symbol>
      <symbol id="sm-23d">
         <name>_Comp3Regs</name>
         <value>0x6440</value>
         <object_component_ref idref="oc-7f"/>
      </symbol>
      <symbol id="sm-23e">
         <name>_ECap1Regs</name>
         <value>0x6a00</value>
         <object_component_ref idref="oc-81"/>
      </symbol>
      <symbol id="sm-23f">
         <name>_EmuKey</name>
         <value>0xd00</value>
         <object_component_ref idref="oc-6a"/>
      </symbol>
      <symbol id="sm-240">
         <name>_Cla1Regs</name>
         <value>0x1400</value>
         <object_component_ref idref="oc-90"/>
      </symbol>
      <symbol id="sm-241">
         <name>_EQep1Regs</name>
         <value>0x6b00</value>
         <object_component_ref idref="oc-8a"/>
      </symbol>
      <symbol id="sm-242">
         <name>_McbspaRegs</name>
         <value>0x5000</value>
         <object_component_ref idref="oc-8d"/>
      </symbol>
      <symbol id="sm-243">
         <name>_EPwm1Regs</name>
         <value>0x6800</value>
         <object_component_ref idref="oc-94"/>
      </symbol>
      <symbol id="sm-244">
         <name>_ScibRegs</name>
         <value>0x7750</value>
         <object_component_ref idref="oc-79"/>
      </symbol>
      <symbol id="sm-245">
         <name>_ECap2Regs</name>
         <value>0x6a20</value>
         <object_component_ref idref="oc-82"/>
      </symbol>
      <symbol id="sm-246">
         <name>_GpioIntRegs</name>
         <value>0x6fe0</value>
         <object_component_ref idref="oc-85"/>
      </symbol>
      <symbol id="sm-247">
         <name>_EQep2Regs</name>
         <value>0x6b40</value>
         <object_component_ref idref="oc-8b"/>
      </symbol>
      <symbol id="sm-248">
         <name>_PartIdRegs</name>
         <value>0x3d7e80</value>
         <object_component_ref idref="oc-69"/>
      </symbol>
      <symbol id="sm-249">
         <name>_HRCap3Regs</name>
         <value>0x6c80</value>
         <object_component_ref idref="oc-88"/>
      </symbol>
      <symbol id="sm-24a">
         <name>_EPwm8Regs</name>
         <value>0x69c0</value>
         <object_component_ref idref="oc-9b"/>
      </symbol>
      <symbol id="sm-24b">
         <name>_Flash_CPUScaleFactor</name>
         <value>0xd04</value>
         <object_component_ref idref="oc-6c"/>
      </symbol>
      <symbol id="sm-24c">
         <name>_EPwm2Regs</name>
         <value>0x6840</value>
         <object_component_ref idref="oc-95"/>
      </symbol>
      <symbol id="sm-24d">
         <name>_ECanaMboxes</name>
         <value>0x6100</value>
         <object_component_ref idref="oc-9f"/>
      </symbol>
      <symbol id="sm-24e">
         <name>_ECap3Regs</name>
         <value>0x6a40</value>
         <object_component_ref idref="oc-83"/>
      </symbol>
      <symbol id="sm-24f">
         <name>_HRCap2Regs</name>
         <value>0x6ae0</value>
         <object_component_ref idref="oc-87"/>
      </symbol>
      <symbol id="sm-250">
         <name>_NmiIntruptRegs</name>
         <value>0x7060</value>
         <object_component_ref idref="oc-77"/>
      </symbol>
      <symbol id="sm-251">
         <name>_ECanaMOTORegs</name>
         <value>0x60c0</value>
         <object_component_ref idref="oc-93"/>
      </symbol>
      <symbol id="sm-252">
         <name>_Flash_CallbackPtr</name>
         <value>0xd02</value>
         <object_component_ref idref="oc-6d"/>
      </symbol>
      <symbol id="sm-253">
         <name>_EPwm3Regs</name>
         <value>0x6880</value>
         <object_component_ref idref="oc-96"/>
      </symbol>
      <symbol id="sm-254">
         <name>_I2caRegs</name>
         <value>0x7900</value>
         <object_component_ref idref="oc-8c"/>
      </symbol>
      <symbol id="sm-260">
         <name>_InitPieCtrl</name>
         <value>0x3f4ad2</value>
         <object_component_ref idref="oc-104"/>
      </symbol>
      <symbol id="sm-261">
         <name>_EnableInterrupts</name>
         <value>0x3f4af1</value>
         <object_component_ref idref="oc-104"/>
      </symbol>
      <symbol id="sm-271">
         <name>_PieVectTableInit</name>
         <value>0x3f4b8e</value>
         <object_component_ref idref="oc-10d"/>
      </symbol>
      <symbol id="sm-272">
         <name>_InitPieVectTable</name>
         <value>0x3f4afa</value>
         <object_component_ref idref="oc-105"/>
      </symbol>
      <symbol id="sm-289">
         <name>_InitPll</name>
         <value>0x3f4611</value>
         <object_component_ref idref="oc-103"/>
      </symbol>
      <symbol id="sm-28a">
         <name>_IntOsc1Sel</name>
         <value>0x3f471b</value>
         <object_component_ref idref="oc-103"/>
      </symbol>
      <symbol id="sm-28b">
         <name>_ExtOscSel</name>
         <value>0x3f4761</value>
         <object_component_ref idref="oc-103"/>
      </symbol>
      <symbol id="sm-28c">
         <name>_DisableDog</name>
         <value>0x3f4609</value>
         <object_component_ref idref="oc-103"/>
      </symbol>
      <symbol id="sm-28d">
         <name>_InitPeripheralClocks</name>
         <value>0x3f4694</value>
         <object_component_ref idref="oc-103"/>
      </symbol>
      <symbol id="sm-28e">
         <name>_IntOsc2Sel</name>
         <value>0x3f472b</value>
         <object_component_ref idref="oc-103"/>
      </symbol>
      <symbol id="sm-28f">
         <name>_CsmUnlock</name>
         <value>0x3f46ea</value>
         <object_component_ref idref="oc-103"/>
      </symbol>
      <symbol id="sm-290">
         <name>_InitPll2</name>
         <value>0x3f4666</value>
         <object_component_ref idref="oc-103"/>
      </symbol>
      <symbol id="sm-291">
         <name>_ServiceDog</name>
         <value>0x3f45ff</value>
         <object_component_ref idref="oc-103"/>
      </symbol>
      <symbol id="sm-292">
         <name>_XtalOscSel</name>
         <value>0x3f4745</value>
         <object_component_ref idref="oc-103"/>
      </symbol>
      <symbol id="sm-293">
         <name>_InitSysCtrl</name>
         <value>0x3f45e5</value>
         <object_component_ref idref="oc-103"/>
      </symbol>
      <symbol id="sm-29f">
         <name>_DSP28x_usDelay</name>
         <value>0x8000</value>
         <object_component_ref idref="oc-b2"/>
      </symbol>
      <symbol id="sm-2ab">
         <name>_OS_Start</name>
         <value>0x3f4a5c</value>
         <object_component_ref idref="oc-b7"/>
      </symbol>
      <symbol id="sm-2ac">
         <name>_OS_SystemTick_Handler_isr</name>
         <value>0x3f4a81</value>
         <object_component_ref idref="oc-b7"/>
      </symbol>
      <symbol id="sm-2e4">
         <name>_OS_fcn_SetInitialStack</name>
         <value>0x3f450f</value>
         <object_component_ref idref="oc-fc"/>
      </symbol>
      <symbol id="sm-2e5">
         <name>_OS_InitSemaphore</name>
         <value>0x3f439b</value>
         <object_component_ref idref="oc-fc"/>
      </symbol>
      <symbol id="sm-2e6">
         <name>_sOS_TaskCtrlBlocks</name>
         <value>0xbf40</value>
         <object_component_ref idref="oc-106"/>
      </symbol>
      <symbol id="sm-2e7">
         <name>_OS_Suspend</name>
         <value>0x3f45c0</value>
         <object_component_ref idref="oc-fc"/>
      </symbol>
      <symbol id="sm-2e8">
         <name>_OS_u32_AddThreads</name>
         <value>0x3f43f5</value>
         <object_component_ref idref="oc-fc"/>
      </symbol>
      <symbol id="sm-2e9">
         <name>_OS_Scheduler</name>
         <value>0x3f449e</value>
         <object_component_ref idref="oc-fc"/>
      </symbol>
      <symbol id="sm-2ea">
         <name>_OS_Sleep</name>
         <value>0x3f45c3</value>
         <object_component_ref idref="oc-fc"/>
      </symbol>
      <symbol id="sm-2eb">
         <name>_OS_PeriodicEventsTick_Handler_isr</name>
         <value>0x3f489f</value>
         <object_component_ref idref="oc-bf"/>
      </symbol>
      <symbol id="sm-2ec">
         <name>_sa_PeriodicEvents</name>
         <value>0xbfb0</value>
         <object_component_ref idref="oc-fd"/>
      </symbol>
      <symbol id="sm-2ed">
         <name>_OS_Wait</name>
         <value>0x3f43c3</value>
         <object_component_ref idref="oc-fc"/>
      </symbol>
      <symbol id="sm-2ee">
         <name>_OS_Initialization</name>
         <value>0x3f43db</value>
         <object_component_ref idref="oc-fc"/>
      </symbol>
      <symbol id="sm-2ef">
         <name>_Stacks</name>
         <value>0xa000</value>
         <object_component_ref idref="oc-107"/>
      </symbol>
      <symbol id="sm-2f0">
         <name>_OC_SetStackContenToZero</name>
         <value>0x3f45d0</value>
         <object_component_ref idref="oc-fc"/>
      </symbol>
      <symbol id="sm-2f1">
         <name>_OS_AddPeriodicEventThread</name>
         <value>0x3f4460</value>
         <object_component_ref idref="oc-fc"/>
      </symbol>
      <symbol id="sm-2f2">
         <name>_OS_Launch</name>
         <value>0x3f446b</value>
         <object_component_ref idref="oc-fc"/>
      </symbol>
      <symbol id="sm-2f3">
         <name>_OS_Signal</name>
         <value>0x3f43a2</value>
         <object_component_ref idref="oc-fc"/>
      </symbol>
      <symbol id="sm-2f4">
         <name>_OS_FirstThreadToRun</name>
         <value>0x3f4452</value>
         <object_component_ref idref="oc-fc"/>
      </symbol>
      <symbol id="sm-2f5">
         <name>_sm_Scheduler</name>
         <value>0xc044</value>
         <object_component_ref idref="oc-be"/>
      </symbol>
      <symbol id="sm-2f6">
         <name>_osExecTaskPtr</name>
         <value>0xc040</value>
         <object_component_ref idref="oc-be"/>
      </symbol>
      <symbol id="sm-303">
         <name>_main</name>
         <value>0x3f499b</value>
         <object_component_ref idref="oc-10a"/>
      </symbol>
      <symbol id="sm-32c">
         <name>_fcn_Event1ToggleGPIO51_J2_12</name>
         <value>0x3f4879</value>
         <object_component_ref idref="oc-10e"/>
      </symbol>
      <symbol id="sm-32d">
         <name>_fcn_InitThreadsGPIO</name>
         <value>0x3f4777</value>
         <object_component_ref idref="oc-10e"/>
      </symbol>
      <symbol id="sm-32e">
         <name>_fcn_Event2ToggleGPIO55_J2_11</name>
         <value>0x3f488c</value>
         <object_component_ref idref="oc-10e"/>
      </symbol>
      <symbol id="sm-32f">
         <name>_fcn_Thread3ToogleGPIO33_J1_9</name>
         <value>0x3f4808</value>
         <object_component_ref idref="oc-10e"/>
      </symbol>
      <symbol id="sm-330">
         <name>_fcn_ToggleGPIO32</name>
         <value>0x3f481a</value>
         <object_component_ref idref="oc-10e"/>
      </symbol>
      <symbol id="sm-331">
         <name>_fcn_ToggleGPIO33</name>
         <value>0x3f4810</value>
         <object_component_ref idref="oc-10e"/>
      </symbol>
      <symbol id="sm-332">
         <name>_fcn_Event0ToggleGPIO50_J2_13</name>
         <value>0x3f4866</value>
         <object_component_ref idref="oc-10e"/>
      </symbol>
      <symbol id="sm-333">
         <name>_fcn_InitEvents</name>
         <value>0x3f4844</value>
         <object_component_ref idref="oc-10e"/>
      </symbol>
      <symbol id="sm-334">
         <name>_fcn_Thread4ToogleGPIO32_J1_10</name>
         <value>0x3f480b</value>
         <object_component_ref idref="oc-10e"/>
      </symbol>
      <symbol id="sm-335">
         <name>_fcn_Thread0ToogleGPIO34_D9_J1_5</name>
         <value>0x3f47c3</value>
         <object_component_ref idref="oc-10e"/>
      </symbol>
      <symbol id="sm-336">
         <name>_fcn_Thread2ToogleGPIO22_J1_8</name>
         <value>0x3f47fb</value>
         <object_component_ref idref="oc-10e"/>
      </symbol>
      <symbol id="sm-337">
         <name>_fcn_Func4</name>
         <value>0x3f483e</value>
         <object_component_ref idref="oc-10e"/>
      </symbol>
      <symbol id="sm-338">
         <name>_fcn_Func1</name>
         <value>0x3f4826</value>
         <object_component_ref idref="oc-10e"/>
      </symbol>
      <symbol id="sm-339">
         <name>_fcn_Func2</name>
         <value>0x3f482e</value>
         <object_component_ref idref="oc-10e"/>
      </symbol>
      <symbol id="sm-33a">
         <name>_fcn_Func3</name>
         <value>0x3f4836</value>
         <object_component_ref idref="oc-10e"/>
      </symbol>
      <symbol id="sm-33b">
         <name>_fcn_Thread1ToogleGPIO39_D10_J1_7</name>
         <value>0x3f47e1</value>
         <object_component_ref idref="oc-10e"/>
      </symbol>
      <symbol id="sm-33c">
         <name>_appSemaphore_Event1</name>
         <value>0xc000</value>
         <object_component_ref idref="oc-cb"/>
      </symbol>
      <symbol id="sm-33d">
         <name>_appSemaphore_Event2</name>
         <value>0xc001</value>
         <object_component_ref idref="oc-cb"/>
      </symbol>
      <symbol id="sm-33e">
         <name>_appSemaphore_Event3</name>
         <value>0xc002</value>
         <object_component_ref idref="oc-cb"/>
      </symbol>
      <symbol id="sm-359">
         <name>_c_int00</name>
         <value>0x3f4a06</value>
         <object_component_ref idref="oc-d0"/>
      </symbol>
      <symbol id="sm-35a">
         <name>__stack</name>
         <value>0x50</value>
         <object_component_ref idref="oc-d1"/>
      </symbol>
      <symbol id="sm-369">
         <name>__args_main</name>
         <value>0x3f4b61</value>
         <object_component_ref idref="oc-101"/>
      </symbol>
      <symbol id="sm-376">
         <name>__system_post_cinit</name>
         <value>0x3f4b8d</value>
         <object_component_ref idref="oc-100"/>
      </symbol>
      <symbol id="sm-382">
         <name>__system_pre_init</name>
         <value>0x3f4b8b</value>
         <object_component_ref idref="oc-fe"/>
      </symbol>
      <symbol id="sm-391">
         <name>_copy_in</name>
         <value>0x3f4b20</value>
         <object_component_ref idref="oc-ff"/>
      </symbol>
      <symbol id="sm-3a5">
         <name>C$$EXIT</name>
         <value>0x3f4aa9</value>
         <object_component_ref idref="oc-102"/>
      </symbol>
      <symbol id="sm-3a6">
         <name>_exit</name>
         <value>0x3f4aab</value>
         <object_component_ref idref="oc-102"/>
      </symbol>
      <symbol id="sm-3a7">
         <name>___TI_cleanup_ptr</name>
         <value>0xc038</value>
         <object_component_ref idref="oc-ed"/>
      </symbol>
      <symbol id="sm-3a8">
         <name>___TI_enable_exit_profile_output</name>
         <value>0xc036</value>
         <object_component_ref idref="oc-ed"/>
      </symbol>
      <symbol id="sm-3a9">
         <name>_abort</name>
         <value>0x3f4aa9</value>
         <object_component_ref idref="oc-102"/>
      </symbol>
      <symbol id="sm-3aa">
         <name>___TI_dtors_ptr</name>
         <value>0xc03a</value>
         <object_component_ref idref="oc-ed"/>
      </symbol>
      <symbol id="sm-3be">
         <name>__unlock</name>
         <value>0xbfbe</value>
         <object_component_ref idref="oc-112"/>
      </symbol>
      <symbol id="sm-3bf">
         <name>__lock</name>
         <value>0xbfbc</value>
         <object_component_ref idref="oc-10b"/>
      </symbol>
      <symbol id="sm-3c0">
         <name>__register_lock</name>
         <value>0x3f4b7e</value>
         <object_component_ref idref="oc-10f"/>
      </symbol>
      <symbol id="sm-3c1">
         <name>__nop</name>
         <value>0x3f4b82</value>
         <object_component_ref idref="oc-10f"/>
      </symbol>
      <symbol id="sm-3c2">
         <name>__register_unlock</name>
         <value>0x3f4b7a</value>
         <object_component_ref idref="oc-10f"/>
      </symbol>
      <symbol id="sm-3d3">
         <name>_memcpy</name>
         <value>0x3f4b44</value>
         <object_component_ref idref="oc-109"/>
      </symbol>
   </symbol_table>
   <title>Link successful</title>
</link_info>
